// Jest Snapshot v1, https://goo.gl/fbAQLP

exports[`HTML transformer builds basic portable text into HTML 1`] = `"<p><br/></p><p>text<a href=http://google.com"><strong>link</strong></a></p><h1>heading</h1><p><br/></p>"`;

exports[`HTML transformer resolves a linked item 1`] = `"<p>resolved value of text_element: <strong>random text value</strong></p><p>text after component</p>"`;

exports[`HTML transformer resolves a table 1`] = `"<table><tbody><tr><td><p>Ivan</p></td><td><p>Jiri</p></td></tr><tr><td><p>Ondra</p></td><td><p>Dan</p></td></tr></tbody></table>"`;

exports[`HTML transformer resolves an asset 1`] = `"<img src="https://assets-us-01.kc-usercontent.com:443/cec32064-07dd-00ff-2101-5bde13c9e30c/3594632c-d9bb-4197-b7da-2698b0dab409/Riesachsee_Dia_1_1963_%C3%96sterreich_16k_3063.jpg" alt="">"`;

exports[`HTML transformer resolves an asset with custom resolver 1`] = `"<img src="https://assets-us-01.kc-usercontent.com:443/cec32064-07dd-00ff-2101-5bde13c9e30c/3594632c-d9bb-4197-b7da-2698b0dab409/Riesachsee_Dia_1_1963_%C3%96sterreich_16k_3063.jpg" alt="" height="800">"`;

exports[`HTML transformer resolves internal link 1`] = `"<p><a href="https://website.com/23f71096-fa89-4f59-a3f9-970e970944ec"><em>item</em></a></p>"`;
