// Jest Snapshot v1, https://goo.gl/fbAQLP

exports[`new rich text parser parses rich text 1`] = `
Object {
  "children": Array [
    Object {
      "attributes": Object {
        "class": "test",
        "id": "3",
      },
      "children": Array [
        Object {
          "attributes": Object {
            "data-codename": "test_item",
            "data-rel": "component",
            "data-type": "item",
            "type": "application/kenticocloud",
          },
          "children": Array [],
          "tagName": "object",
          "type": "tag",
        },
        Object {
          "content": "before text",
          "type": "text",
        },
        Object {
          "attributes": Object {
            "href": "mailto:email@abc.test",
          },
          "children": Array [
            Object {
              "content": "email",
              "type": "text",
            },
          ],
          "tagName": "a",
          "type": "tag",
        },
        Object {
          "content": "after text line break ",
          "type": "text",
        },
        Object {
          "attributes": Object {},
          "children": Array [],
          "tagName": "br",
          "type": "tag",
        },
      ],
      "tagName": "p",
      "type": "tag",
    },
    Object {
      "attributes": Object {},
      "children": Array [
        Object {
          "content": "text span",
          "type": "text",
        },
      ],
      "tagName": "span",
      "type": "tag",
    },
  ],
}
`;
